  Determinando os projetos a serem restaurados...
  Todos os projetos est├úo atualizados para restaura├º├úo.
  GravadorMulti -> C:\Users\PC TRABALHO\Documents\Projetos\GravadorMulti\bin\Debug\net9.0\GravadorMulti.dll

Compila├º├úo com ├¬xito.
    0 Aviso(s)
    0 Erro(s)

Tempo Decorrido 00:00:01.38
